DEBUG SUB COMMANDS: ['build', 'verify', 'doctor', 'report', 'dashboard', 'api', 'metrics', 'export', 'config', 'plugin', 'runtime', 'lifecycle', 'dependency', 'scheduler', 'execution', 'execution-run', 'invocation', 'runtime-run', 'runtime-dispatch', 'runtime-factory', 'runtime-session', 'runtime-lifecycle', 'runtime-event', 'runtime-event-store', 'runtime-event-query', 'runtime-event-index', 'runtime-event-catalog', 'runtime-event-metadata', 'runtime-event-analysis', 'runtime-event-replay', 'runtime-event-snapshot', 'runtime-event-audit', 'runtime-event-persistence', 'runtime-event-sync', 'runtime-event-pipeline', 'runtime-event-stream', 'runtime-event-dispatcher', 'runtime-event-router', 'runtime-event-endpoint', 'runtime-event-handler', 'runtime-event-receiver', 'runtime-event-gateway', 'runtime-event-listener', 'runtime-event-pipeline-run', 'runtime-event-execution-engine', 'runtime-event-execution-orchestrator', 'runtime-event-execution-pipeline-run', 'runtime-event-execution-pipeline-execution', 'runtime-event-execution-log', 'runtime-event-execution-log-persistence', 'runtime-event-execution-log-dispatcher', 'runtime-event-execution-log-routing', 'runtime-event-execution-log-endpoint-handler', 'runtime-event-execution-log-receiver-router', 'runtime-event-execution-log-meaning', 'runtime-event-execution-log-intent-graph', 'runtime-event-execution-log-planner', 'runtime-event-execution-log-engine']
usage: cie.py [-h]
              {build,verify,doctor,report,dashboard,api,metrics,export,config,plugin,runtime,lifecycle,dependency,scheduler,execution,execution-run,invocation,runtime-run,runtime-dispatch,runtime-factory,runtime-session,runtime-lifecycle,runtime-event,runtime-event-store,runtime-event-query,runtime-event-index,runtime-event-catalog,runtime-event-metadata,runtime-event-analysis,runtime-event-replay,runtime-event-snapshot,runtime-event-audit,runtime-event-persistence,runtime-event-sync,runtime-event-pipeline,runtime-event-stream,runtime-event-dispatcher,runtime-event-router,runtime-event-endpoint,runtime-event-handler,runtime-event-receiver,runtime-event-gateway,runtime-event-listener,runtime-event-pipeline-run,runtime-event-execution-engine,runtime-event-execution-orchestrator,runtime-event-execution-pipeline-run,runtime-event-execution-pipeline-execution,runtime-event-execution-log,runtime-event-execution-log-persistence,runtime-event-execution-log-dispatcher,runtime-event-execution-log-routing,runtime-event-execution-log-endpoint-handler,runtime-event-execution-log-receiver-router,runtime-event-execution-log-meaning,runtime-event-execution-log-intent-graph,runtime-event-execution-log-planner,runtime-event-execution-log-engine}
              ...

Code Intelligence Engine (CIE) Platform CLI

positional arguments:
  {build,verify,doctor,report,dashboard,api,metrics,export,config,plugin,runtime,lifecycle,dependency,scheduler,execution,execution-run,invocation,runtime-run,runtime-dispatch,runtime-factory,runtime-session,runtime-lifecycle,runtime-event,runtime-event-store,runtime-event-query,runtime-event-index,runtime-event-catalog,runtime-event-metadata,runtime-event-analysis,runtime-event-replay,runtime-event-snapshot,runtime-event-audit,runtime-event-persistence,runtime-event-sync,runtime-event-pipeline,runtime-event-stream,runtime-event-dispatcher,runtime-event-router,runtime-event-endpoint,runtime-event-handler,runtime-event-receiver,runtime-event-gateway,runtime-event-listener,runtime-event-pipeline-run,runtime-event-execution-engine,runtime-event-execution-orchestrator,runtime-event-execution-pipeline-run,runtime-event-execution-pipeline-execution,runtime-event-execution-log,runtime-event-execution-log-persistence,runtime-event-execution-log-dispatcher,runtime-event-execution-log-routing,runtime-event-execution-log-endpoint-handler,runtime-event-execution-log-receiver-router,runtime-event-execution-log-meaning,runtime-event-execution-log-intent-graph,runtime-event-execution-log-planner,runtime-event-execution-log-engine}
                        Subcommand to execute
    build               Run the build orchestration pipeline
    verify              Verify JSON artifacts integrity
    doctor              Show system status diagnostics
    report              Generate code intelligence report
    dashboard           Verify and check dashboard resources
    api                 Launch the local HTTP API server
    metrics             Generate code metrics and health scoring
    export              Export metrics reports
    config              Manage and validate platform configurations
    plugin              Scan plugins and generate registry
    runtime             Map plugins to runtime simulation
    lifecycle           Map plugins to lifecycle states
    dependency          Map plugins to dependency resolution
    scheduler           Map plugins to execution schedule
    execution           Generate plugin execution plan
    execution-run       Run plugin execution plan
    invocation          Run plugin invocation simulation (stub)
    runtime-run         Run plugin runtime invocation simulation (stub)
    runtime-dispatch    Dispatch plugin runtimes
    runtime-factory     Resolve plugin runtime instances
    runtime-session     Manage plugin runtime sessions
    runtime-lifecycle   Manage plugin runtime session lifecycles
    runtime-event       Manage plugin runtime session events
    runtime-event-store
                        Manage plugin runtime session event store
    runtime-event-query
                        Manage plugin runtime session event query
    runtime-event-index
                        Manage plugin runtime session event index
    runtime-event-catalog
                        Manage plugin runtime session event catalog
    runtime-event-metadata
                        Manage plugin runtime session event metadata
    runtime-event-analysis
                        Manage plugin runtime session event analysis
    runtime-event-replay
                        Manage plugin runtime session event replay
    runtime-event-snapshot
                        Manage plugin runtime session event snapshot
    runtime-event-audit
                        Manage plugin runtime session event audit
    runtime-event-persistence
                        Manage plugin runtime session event persistence
    runtime-event-sync  Manage plugin runtime session event sync
    runtime-event-pipeline
                        Manage plugin runtime session event pipeline
    runtime-event-stream
                        Manage plugin runtime session event stream
    runtime-event-dispatcher
                        Manage plugin runtime session event dispatcher
    runtime-event-router
                        Manage plugin runtime session event router
    runtime-event-endpoint
                        Manage plugin runtime session event endpoint
    runtime-event-handler
                        Manage plugin runtime session event handler
    runtime-event-receiver
                        Manage plugin runtime session event receiver
    runtime-event-gateway
                        Manage plugin runtime session event gateway
    runtime-event-listener
                        Manage plugin runtime session event listener
    runtime-event-pipeline-run
                        Run integration pipeline for all runtime event layers
    runtime-event-execution-engine
                        Manage plugin runtime session event execution engine
    runtime-event-execution-orchestrator
                        Manage plugin runtime session event execution
                        orchestrator
    runtime-event-execution-pipeline-run
                        Manage plugin runtime session event execution pipeline
                        run
    runtime-event-execution-pipeline-execution
                        Manage plugin runtime session event execution pipeline
                        execution
    runtime-event-execution-log
                        Manage plugin runtime session event execution log
    runtime-event-execution-log-persistence
                        Manage plugin runtime session event execution log
                        persistence
    runtime-event-execution-log-dispatcher
                        Manage plugin runtime session event execution log
                        dispatcher
    runtime-event-execution-log-routing
                        Manage plugin runtime session event execution log
                        routing
    runtime-event-execution-log-endpoint-handler
                        Manage plugin runtime session event execution log
                        endpoint and handler
    runtime-event-execution-log-receiver-router
                        Manage plugin runtime session event execution log
                        receiver and router
    runtime-event-execution-log-meaning
                        Manage plugin runtime session event execution log
                        meaning integration
    runtime-event-execution-log-intent-graph
                        Manage plugin runtime session event execution log
                        intent graph
    runtime-event-execution-log-planner
                        Manage plugin runtime session event execution log
                        planner and optimizer
    runtime-event-execution-log-engine
                        Manage plugin runtime session event execution log
                        engine and scheduler

optional arguments:
  -h, --help            show this help message and exit

Available commands:
  build    Execute all 15 builders sequentially via the orchestrator.
  verify   Verify that all 15 JSON artifacts exist and are valid JSON.
  doctor   Diagnose and display the overall health and version of the CIE platform.
  report   Generate a detailed, human-readable repository report.
  dashboard Verify dashboard resources and print URL coordinates.
  api      Launch the local HTTP API server.
  metrics  Generate and display code quality and health metrics.
  export   Export metrics report in multiple formats.
  config   Manage and validate platform configurations.
  plugin   Scan plugins and generate registry.
  runtime  Map plugins to runtime simulation.
  lifecycle Map plugins to lifecycle states.
  dependency Map plugins to dependency resolution.
  scheduler  Map plugins to execution schedule.
  execution  Generate plugin execution plan.
  execution-run Run plugin execution plan.
  invocation Run plugin invocation simulation (stub).
  runtime-run Run plugin runtime invocation simulation (stub).
  runtime-dispatch Dispatch plugin runtimes.
  runtime-factory Resolve plugin runtime instances.
  runtime-session Manage plugin runtime sessions.
  runtime-lifecycle Manage plugin runtime session lifecycles.
  runtime-event Manage plugin runtime session events.
  runtime-event-store Manage plugin runtime session event store.
  runtime-event-query Manage plugin runtime session event query.
  runtime-event-index Manage plugin runtime session event index.
  runtime-event-catalog Manage plugin runtime session event catalog.
  runtime-event-metadata Manage plugin runtime session event metadata.
        
