{"auditLogId":"SIM-AUD-1783429534381-663","simulationId":"SIM-1783429534380","timestamp":"2026-07-07T13:05:34.381Z","eventType":"ScenarioStarted","details":{"scenarioId":"SCN-NORMAL-001","timestamp":"2026-07-07T13:05:34.380Z"}}
{"auditLogId":"SIM-AUD-1783429534381-308","simulationId":"SIM-1783429534380","timestamp":"2026-07-07T13:05:34.381Z","eventType":"ContractValidated","details":{"scenarioId":"SCN-NORMAL-001","validationStatus":"Passed"}}
{"auditLogId":"SIM-AUD-1783429534381-901","simulationId":"SIM-1783429534380","timestamp":"2026-07-07T13:05:34.381Z","eventType":"ScenarioEnded","details":{"scenarioId":"SCN-NORMAL-001","result":"Passed","failedLayer":"","timestamp":"2026-07-07T13:05:34.381Z"}}
{"auditLogId":"SIM-AUD-1783429543414-960","simulationId":"SIM-1783429543413","timestamp":"2026-07-07T13:05:43.414Z","eventType":"ScenarioStarted","details":{"scenarioId":"SCN-ERROR-001","timestamp":"2026-07-07T13:05:43.413Z"}}
{"auditLogId":"SIM-AUD-1783429543414-957","simulationId":"SIM-1783429543413","timestamp":"2026-07-07T13:05:43.414Z","eventType":"ExecutionFailed","details":{"scenarioId":"SCN-ERROR-001","layerName":"MockQualityKernel","errorMessage":"品質スコア不十分（FAIL）を模した早期終了改善ルート検証"}}
{"auditLogId":"SIM-AUD-1783429543414-333","simulationId":"SIM-1783429543413","timestamp":"2026-07-07T13:05:43.414Z","eventType":"ScenarioEnded","details":{"scenarioId":"SCN-ERROR-001","result":"Failed","failedLayer":"MockQualityKernel","timestamp":"2026-07-07T13:05:43.414Z"}}
{"auditLogId":"SIM-AUD-1783429551026-245","simulationId":"SIM-1783429551025","timestamp":"2026-07-07T13:05:51.026Z","eventType":"ScenarioStarted","details":{"scenarioId":"SCN-APPROVAL-001","timestamp":"2026-07-07T13:05:51.025Z"}}
{"auditLogId":"SIM-AUD-1783429551026-370","simulationId":"SIM-1783429551025","timestamp":"2026-07-07T13:05:51.026Z","eventType":"ContractValidated","details":{"scenarioId":"SCN-APPROVAL-001","validationStatus":"Pending","layerName":"MockGovernanceKernel"}}
{"auditLogId":"SIM-AUD-1783429551026-815","simulationId":"SIM-1783429551025","timestamp":"2026-07-07T13:05:51.026Z","eventType":"ScenarioEnded","details":{"scenarioId":"SCN-APPROVAL-001","result":"Passed","failedLayer":"","timestamp":"2026-07-07T13:05:51.026Z"}}
{"auditLogId":"SIM-AUD-1783429555118-189","simulationId":"SIM-1783429555117","timestamp":"2026-07-07T13:05:55.118Z","eventType":"ScenarioStarted","details":{"scenarioId":"SCN-CONTRACT-FAIL-001","timestamp":"2026-07-07T13:05:55.117Z"}}
{"auditLogId":"SIM-AUD-1783429555118-510","simulationId":"SIM-1783429555117","timestamp":"2026-07-07T13:05:55.118Z","eventType":"ScenarioEnded","details":{"scenarioId":"SCN-CONTRACT-FAIL-001","result":"Failed","failedLayer":"MockReviewKernel","timestamp":"2026-07-07T13:05:55.118Z"}}
{"auditLogId":"SIM-AUD-1783429559396-280","simulationId":"SIM-1783429559396","timestamp":"2026-07-07T13:05:59.396Z","eventType":"ScenarioStarted","details":{"scenarioId":"SCN-BILLING-ISOLATION-001","timestamp":"2026-07-07T13:05:59.396Z"}}
{"auditLogId":"SIM-AUD-1783429559397-24","simulationId":"SIM-1783429559396","timestamp":"2026-07-07T13:05:59.397Z","eventType":"ContractValidated","details":{"scenarioId":"SCN-BILLING-ISOLATION-001","layerName":"MockBillingKernel","errorMessage":"課金モック決済失敗ルートの隔離稼働検証"}}
{"auditLogId":"SIM-AUD-1783429559397-64","simulationId":"SIM-1783429559396","timestamp":"2026-07-07T13:05:59.397Z","eventType":"ScenarioEnded","details":{"scenarioId":"SCN-BILLING-ISOLATION-001","result":"Failed","failedLayer":"MockBillingKernel","timestamp":"2026-07-07T13:05:59.397Z"}}
{"auditLogId":"SIM-AUD-1783430013697-907","simulationId":"TST-RUN-1783430013697","timestamp":"2026-07-07T13:13:33.697Z","eventType":"TestStarted","details":{"timestamp":"2026-07-07T13:13:33.697Z"}}
{"auditLogId":"SIM-AUD-1783430013700-426","simulationId":"TST-RUN-1783430013697","timestamp":"2026-07-07T13:13:33.700Z","eventType":"ScenarioStarted","details":{"scenarioId":"SCN-CONTRACT-FAIL-001","timestamp":"2026-07-07T13:13:33.700Z"}}
{"auditLogId":"SIM-AUD-1783430013700-124","simulationId":"TST-RUN-1783430013697","timestamp":"2026-07-07T13:13:33.700Z","eventType":"ScenarioEnded","details":{"scenarioId":"SCN-CONTRACT-FAIL-001","result":"Failed","failedLayer":"MockReviewKernel","timestamp":"2026-07-07T13:13:33.700Z"}}
{"auditLogId":"SIM-AUD-1783430013700-140","simulationId":"TST-RUN-1783430013697","timestamp":"2026-07-07T13:13:33.700Z","eventType":"ScenarioStarted","details":{"scenarioId":"SCN-NORMAL-001","timestamp":"2026-07-07T13:13:33.700Z"}}
{"auditLogId":"SIM-AUD-1783430013700-917","simulationId":"TST-RUN-1783430013697","timestamp":"2026-07-07T13:13:33.700Z","eventType":"ContractValidated","details":{"scenarioId":"SCN-NORMAL-001","validationStatus":"Passed"}}
{"auditLogId":"SIM-AUD-1783430013700-405","simulationId":"TST-RUN-1783430013697","timestamp":"2026-07-07T13:13:33.700Z","eventType":"ScenarioEnded","details":{"scenarioId":"SCN-NORMAL-001","result":"Passed","failedLayer":"","timestamp":"2026-07-07T13:13:33.700Z"}}
{"auditLogId":"SIM-AUD-1783430013701-852","simulationId":"TST-RUN-1783430013697","timestamp":"2026-07-07T13:13:33.701Z","eventType":"ScenarioStarted","details":{"scenarioId":"SCN-ERROR-001","timestamp":"2026-07-07T13:13:33.701Z"}}
{"auditLogId":"SIM-AUD-1783430013701-995","simulationId":"TST-RUN-1783430013697","timestamp":"2026-07-07T13:13:33.701Z","eventType":"ExecutionFailed","details":{"scenarioId":"SCN-ERROR-001","layerName":"MockQualityKernel","errorMessage":"品質スコア不十分（FAIL）を模した早期終了改善ルート検証"}}
{"auditLogId":"SIM-AUD-1783430013701-804","simulationId":"TST-RUN-1783430013697","timestamp":"2026-07-07T13:13:33.701Z","eventType":"ScenarioEnded","details":{"scenarioId":"SCN-ERROR-001","result":"Failed","failedLayer":"MockQualityKernel","timestamp":"2026-07-07T13:13:33.701Z"}}
{"auditLogId":"SIM-AUD-1783430013701-432","simulationId":"TST-RUN-1783430013697","timestamp":"2026-07-07T13:13:33.701Z","eventType":"ScenarioStarted","details":{"scenarioId":"SCN-APPROVAL-001","timestamp":"2026-07-07T13:13:33.701Z"}}
{"auditLogId":"SIM-AUD-1783430013701-129","simulationId":"TST-RUN-1783430013697","timestamp":"2026-07-07T13:13:33.701Z","eventType":"ContractValidated","details":{"scenarioId":"SCN-APPROVAL-001","validationStatus":"Pending","layerName":"MockGovernanceKernel"}}
{"auditLogId":"SIM-AUD-1783430013701-505","simulationId":"TST-RUN-1783430013697","timestamp":"2026-07-07T13:13:33.701Z","eventType":"ScenarioEnded","details":{"scenarioId":"SCN-APPROVAL-001","result":"Passed","failedLayer":"","timestamp":"2026-07-07T13:13:33.701Z"}}
{"auditLogId":"SIM-AUD-1783430013701-82","simulationId":"TST-RUN-1783430013697","timestamp":"2026-07-07T13:13:33.701Z","eventType":"ScenarioStarted","details":{"scenarioId":"SCN-BILLING-ISOLATION-001","timestamp":"2026-07-07T13:13:33.701Z"}}
{"auditLogId":"SIM-AUD-1783430013701-87","simulationId":"TST-RUN-1783430013697","timestamp":"2026-07-07T13:13:33.701Z","eventType":"ContractValidated","details":{"scenarioId":"SCN-BILLING-ISOLATION-001","layerName":"MockBillingKernel","errorMessage":"課金モック決済失敗ルートの隔離稼働検証"}}
{"auditLogId":"SIM-AUD-1783430013701-710","simulationId":"TST-RUN-1783430013697","timestamp":"2026-07-07T13:13:33.701Z","eventType":"ScenarioEnded","details":{"scenarioId":"SCN-BILLING-ISOLATION-001","result":"Failed","failedLayer":"MockBillingKernel","timestamp":"2026-07-07T13:13:33.701Z"}}
{"auditLogId":"SIM-AUD-1783430013701-136","simulationId":"TST-RUN-1783430013697","timestamp":"2026-07-07T13:13:33.701Z","eventType":"RegressionValidated","details":{"testCaseName":"Boundary Isolation Test","status":"PASS","failedLayer":"","errorMessage":""}}
{"auditLogId":"SIM-AUD-1783430013701-958","simulationId":"TST-RUN-1783430013697","timestamp":"2026-07-07T13:13:33.701Z","eventType":"RegressionValidated","details":{"testCaseName":"Contract Regression Test","status":"PASS","failedLayer":"","errorMessage":""}}
{"auditLogId":"SIM-AUD-1783430013702-844","simulationId":"TST-RUN-1783430013697","timestamp":"2026-07-07T13:13:33.702Z","eventType":"RegressionValidated","details":{"testCaseName":"Normal Flow Regression","status":"PASS","failedLayer":"","errorMessage":""}}
{"auditLogId":"SIM-AUD-1783430013702-52","simulationId":"TST-RUN-1783430013697","timestamp":"2026-07-07T13:13:33.702Z","eventType":"RegressionValidated","details":{"testCaseName":"Error Flow Regression","status":"PASS","failedLayer":"","errorMessage":""}}
{"auditLogId":"SIM-AUD-1783430013702-329","simulationId":"TST-RUN-1783430013697","timestamp":"2026-07-07T13:13:33.702Z","eventType":"RegressionValidated","details":{"testCaseName":"Approval Boundary Flow Regression","status":"PASS","failedLayer":"","errorMessage":""}}
{"auditLogId":"SIM-AUD-1783430013702-662","simulationId":"TST-RUN-1783430013697","timestamp":"2026-07-07T13:13:33.702Z","eventType":"RegressionValidated","details":{"testCaseName":"Billing Isolation Flow Regression","status":"PASS","failedLayer":"","errorMessage":""}}
{"auditLogId":"SIM-AUD-1783430013702-260","simulationId":"TST-RUN-1783430013697","timestamp":"2026-07-07T13:13:33.702Z","eventType":"TestEnded","details":{"result":"PASS","failureCount":0,"timestamp":"2026-07-07T13:13:33.702Z"}}
{"auditLogId":"SIM-AUD-1783430450160-510","simulationId":"TST-RUN-INIT-HK-1783430450160","timestamp":"2026-07-07T13:20:50.160Z","eventType":"HookTriggered","details":{"hookId":"HK-1783430450160","eventSource":"git-pre-commit","commandName":"test-kernel-simulation","timestamp":"2026-07-07T13:20:50.160Z"}}
{"auditLogId":"SIM-AUD-1783430450163-815","simulationId":"TST-RUN-INIT-HK-1783430450160","timestamp":"2026-07-07T13:20:50.163Z","eventType":"TestStarted","details":{"timestamp":"2026-07-07T13:20:50.163Z"}}
{"auditLogId":"SIM-AUD-1783430450163-63","simulationId":"TST-RUN-INIT-HK-1783430450160","timestamp":"2026-07-07T13:20:50.163Z","eventType":"ScenarioStarted","details":{"scenarioId":"SCN-CONTRACT-FAIL-001","timestamp":"2026-07-07T13:20:50.163Z"}}
{"auditLogId":"SIM-AUD-1783430450163-403","simulationId":"TST-RUN-INIT-HK-1783430450160","timestamp":"2026-07-07T13:20:50.163Z","eventType":"ScenarioEnded","details":{"scenarioId":"SCN-CONTRACT-FAIL-001","result":"Failed","failedLayer":"MockReviewKernel","timestamp":"2026-07-07T13:20:50.163Z"}}
{"auditLogId":"SIM-AUD-1783430450163-945","simulationId":"TST-RUN-INIT-HK-1783430450160","timestamp":"2026-07-07T13:20:50.163Z","eventType":"ScenarioStarted","details":{"scenarioId":"SCN-NORMAL-001","timestamp":"2026-07-07T13:20:50.163Z"}}
{"auditLogId":"SIM-AUD-1783430450164-910","simulationId":"TST-RUN-INIT-HK-1783430450160","timestamp":"2026-07-07T13:20:50.164Z","eventType":"ContractValidated","details":{"scenarioId":"SCN-NORMAL-001","validationStatus":"Passed"}}
{"auditLogId":"SIM-AUD-1783430450164-25","simulationId":"TST-RUN-INIT-HK-1783430450160","timestamp":"2026-07-07T13:20:50.164Z","eventType":"ScenarioEnded","details":{"scenarioId":"SCN-NORMAL-001","result":"Passed","failedLayer":"","timestamp":"2026-07-07T13:20:50.164Z"}}
{"auditLogId":"SIM-AUD-1783430450164-202","simulationId":"TST-RUN-INIT-HK-1783430450160","timestamp":"2026-07-07T13:20:50.164Z","eventType":"ScenarioStarted","details":{"scenarioId":"SCN-ERROR-001","timestamp":"2026-07-07T13:20:50.164Z"}}
{"auditLogId":"SIM-AUD-1783430450164-409","simulationId":"TST-RUN-INIT-HK-1783430450160","timestamp":"2026-07-07T13:20:50.164Z","eventType":"ExecutionFailed","details":{"scenarioId":"SCN-ERROR-001","layerName":"MockQualityKernel","errorMessage":"品質スコア不十分（FAIL）を模した早期終了改善ルート検証"}}
{"auditLogId":"SIM-AUD-1783430450164-681","simulationId":"TST-RUN-INIT-HK-1783430450160","timestamp":"2026-07-07T13:20:50.164Z","eventType":"ScenarioEnded","details":{"scenarioId":"SCN-ERROR-001","result":"Failed","failedLayer":"MockQualityKernel","timestamp":"2026-07-07T13:20:50.164Z"}}
{"auditLogId":"SIM-AUD-1783430450164-23","simulationId":"TST-RUN-INIT-HK-1783430450160","timestamp":"2026-07-07T13:20:50.164Z","eventType":"ScenarioStarted","details":{"scenarioId":"SCN-APPROVAL-001","timestamp":"2026-07-07T13:20:50.164Z"}}
{"auditLogId":"SIM-AUD-1783430450164-331","simulationId":"TST-RUN-INIT-HK-1783430450160","timestamp":"2026-07-07T13:20:50.164Z","eventType":"ContractValidated","details":{"scenarioId":"SCN-APPROVAL-001","validationStatus":"Pending","layerName":"MockGovernanceKernel"}}
{"auditLogId":"SIM-AUD-1783430450165-911","simulationId":"TST-RUN-INIT-HK-1783430450160","timestamp":"2026-07-07T13:20:50.165Z","eventType":"ScenarioEnded","details":{"scenarioId":"SCN-APPROVAL-001","result":"Passed","failedLayer":"","timestamp":"2026-07-07T13:20:50.165Z"}}
{"auditLogId":"SIM-AUD-1783430450165-692","simulationId":"TST-RUN-INIT-HK-1783430450160","timestamp":"2026-07-07T13:20:50.165Z","eventType":"ScenarioStarted","details":{"scenarioId":"SCN-BILLING-ISOLATION-001","timestamp":"2026-07-07T13:20:50.165Z"}}
{"auditLogId":"SIM-AUD-1783430450165-673","simulationId":"TST-RUN-INIT-HK-1783430450160","timestamp":"2026-07-07T13:20:50.165Z","eventType":"ContractValidated","details":{"scenarioId":"SCN-BILLING-ISOLATION-001","layerName":"MockBillingKernel","errorMessage":"課金モック決済失敗ルートの隔離稼働検証"}}
{"auditLogId":"SIM-AUD-1783430450165-604","simulationId":"TST-RUN-INIT-HK-1783430450160","timestamp":"2026-07-07T13:20:50.165Z","eventType":"ScenarioEnded","details":{"scenarioId":"SCN-BILLING-ISOLATION-001","result":"Failed","failedLayer":"MockBillingKernel","timestamp":"2026-07-07T13:20:50.165Z"}}
{"auditLogId":"SIM-AUD-1783430450165-66","simulationId":"TST-RUN-INIT-HK-1783430450160","timestamp":"2026-07-07T13:20:50.165Z","eventType":"RegressionValidated","details":{"testCaseName":"Boundary Isolation Test","status":"PASS","failedLayer":"","errorMessage":""}}
{"auditLogId":"SIM-AUD-1783430450165-428","simulationId":"TST-RUN-INIT-HK-1783430450160","timestamp":"2026-07-07T13:20:50.165Z","eventType":"RegressionValidated","details":{"testCaseName":"Contract Regression Test","status":"PASS","failedLayer":"","errorMessage":""}}
{"auditLogId":"SIM-AUD-1783430450165-654","simulationId":"TST-RUN-INIT-HK-1783430450160","timestamp":"2026-07-07T13:20:50.165Z","eventType":"RegressionValidated","details":{"testCaseName":"Normal Flow Regression","status":"PASS","failedLayer":"","errorMessage":""}}
{"auditLogId":"SIM-AUD-1783430450166-13","simulationId":"TST-RUN-INIT-HK-1783430450160","timestamp":"2026-07-07T13:20:50.166Z","eventType":"RegressionValidated","details":{"testCaseName":"Error Flow Regression","status":"PASS","failedLayer":"","errorMessage":""}}
{"auditLogId":"SIM-AUD-1783430450166-283","simulationId":"TST-RUN-INIT-HK-1783430450160","timestamp":"2026-07-07T13:20:50.166Z","eventType":"RegressionValidated","details":{"testCaseName":"Approval Boundary Flow Regression","status":"PASS","failedLayer":"","errorMessage":""}}
{"auditLogId":"SIM-AUD-1783430450166-603","simulationId":"TST-RUN-INIT-HK-1783430450160","timestamp":"2026-07-07T13:20:50.166Z","eventType":"RegressionValidated","details":{"testCaseName":"Billing Isolation Flow Regression","status":"PASS","failedLayer":"","errorMessage":""}}
{"auditLogId":"SIM-AUD-1783430450166-332","simulationId":"TST-RUN-INIT-HK-1783430450160","timestamp":"2026-07-07T13:20:50.166Z","eventType":"TestEnded","details":{"result":"PASS","failureCount":0,"timestamp":"2026-07-07T13:20:50.166Z"}}
{"auditLogId":"SIM-AUD-1783430450167-991","simulationId":"TST-RUN-INIT-HK-1783430450160","timestamp":"2026-07-07T13:20:50.167Z","eventType":"HookCompleted","details":{"hookId":"HK-1783430450160","eventSource":"git-pre-commit","commandName":"test-kernel-simulation","gateResult":"Passed","exitCode":0,"timestamp":"2026-07-07T13:20:50.167Z"}}
{"auditLogId":"SIM-AUD-1783430460228-733","simulationId":"TST-RUN-INIT-HK-1783430460228","timestamp":"2026-07-07T13:21:00.229Z","eventType":"HookTriggered","details":{"hookId":"HK-1783430460228","eventSource":"git-pre-commit","commandName":"test-kernel-simulation","timestamp":"2026-07-07T13:21:00.228Z"}}
{"auditLogId":"SIM-AUD-1783430460231-829","simulationId":"TST-RUN-INIT-HK-1783430460228","timestamp":"2026-07-07T13:21:00.231Z","eventType":"TestStarted","details":{"timestamp":"2026-07-07T13:21:00.231Z"}}
{"auditLogId":"SIM-AUD-1783430460232-464","simulationId":"TST-RUN-INIT-HK-1783430460228","timestamp":"2026-07-07T13:21:00.232Z","eventType":"ScenarioStarted","details":{"scenarioId":"SCN-CONTRACT-FAIL-001","timestamp":"2026-07-07T13:21:00.232Z"}}
{"auditLogId":"SIM-AUD-1783430460232-795","simulationId":"TST-RUN-INIT-HK-1783430460228","timestamp":"2026-07-07T13:21:00.232Z","eventType":"ScenarioEnded","details":{"scenarioId":"SCN-CONTRACT-FAIL-001","result":"Failed","failedLayer":"MockReviewKernel","timestamp":"2026-07-07T13:21:00.232Z"}}
{"auditLogId":"SIM-AUD-1783430460232-586","simulationId":"TST-RUN-INIT-HK-1783430460228","timestamp":"2026-07-07T13:21:00.232Z","eventType":"ScenarioStarted","details":{"scenarioId":"SCN-NORMAL-001","timestamp":"2026-07-07T13:21:00.232Z"}}
{"auditLogId":"SIM-AUD-1783430460232-673","simulationId":"TST-RUN-INIT-HK-1783430460228","timestamp":"2026-07-07T13:21:00.232Z","eventType":"ContractValidated","details":{"scenarioId":"SCN-NORMAL-001","validationStatus":"Passed"}}
{"auditLogId":"SIM-AUD-1783430460232-879","simulationId":"TST-RUN-INIT-HK-1783430460228","timestamp":"2026-07-07T13:21:00.232Z","eventType":"ScenarioEnded","details":{"scenarioId":"SCN-NORMAL-001","result":"Passed","failedLayer":"","timestamp":"2026-07-07T13:21:00.232Z"}}
{"auditLogId":"SIM-AUD-1783430460233-424","simulationId":"TST-RUN-INIT-HK-1783430460228","timestamp":"2026-07-07T13:21:00.233Z","eventType":"ScenarioStarted","details":{"scenarioId":"SCN-ERROR-001","timestamp":"2026-07-07T13:21:00.233Z"}}
{"auditLogId":"SIM-AUD-1783430460233-620","simulationId":"TST-RUN-INIT-HK-1783430460228","timestamp":"2026-07-07T13:21:00.233Z","eventType":"ExecutionFailed","details":{"scenarioId":"SCN-ERROR-001","layerName":"MockQualityKernel","errorMessage":"品質スコア不十分（FAIL）を模した早期終了改善ルート検証"}}
{"auditLogId":"SIM-AUD-1783430460233-314","simulationId":"TST-RUN-INIT-HK-1783430460228","timestamp":"2026-07-07T13:21:00.233Z","eventType":"ScenarioEnded","details":{"scenarioId":"SCN-ERROR-001","result":"Failed","failedLayer":"MockQualityKernel","timestamp":"2026-07-07T13:21:00.233Z"}}
{"auditLogId":"SIM-AUD-1783430460233-471","simulationId":"TST-RUN-INIT-HK-1783430460228","timestamp":"2026-07-07T13:21:00.233Z","eventType":"ScenarioStarted","details":{"scenarioId":"SCN-APPROVAL-001","timestamp":"2026-07-07T13:21:00.233Z"}}
{"auditLogId":"SIM-AUD-1783430460233-95","simulationId":"TST-RUN-INIT-HK-1783430460228","timestamp":"2026-07-07T13:21:00.233Z","eventType":"ContractValidated","details":{"scenarioId":"SCN-APPROVAL-001","validationStatus":"Pending","layerName":"MockGovernanceKernel"}}
{"auditLogId":"SIM-AUD-1783430460233-812","simulationId":"TST-RUN-INIT-HK-1783430460228","timestamp":"2026-07-07T13:21:00.233Z","eventType":"ScenarioEnded","details":{"scenarioId":"SCN-APPROVAL-001","result":"Passed","failedLayer":"","timestamp":"2026-07-07T13:21:00.233Z"}}
{"auditLogId":"SIM-AUD-1783430460233-574","simulationId":"TST-RUN-INIT-HK-1783430460228","timestamp":"2026-07-07T13:21:00.233Z","eventType":"ScenarioStarted","details":{"scenarioId":"SCN-BILLING-ISOLATION-001","timestamp":"2026-07-07T13:21:00.233Z"}}
{"auditLogId":"SIM-AUD-1783430460233-370","simulationId":"TST-RUN-INIT-HK-1783430460228","timestamp":"2026-07-07T13:21:00.233Z","eventType":"ContractValidated","details":{"scenarioId":"SCN-BILLING-ISOLATION-001","layerName":"MockBillingKernel","errorMessage":"課金モック決済失敗ルートの隔離稼働検証"}}
{"auditLogId":"SIM-AUD-1783430460233-867","simulationId":"TST-RUN-INIT-HK-1783430460228","timestamp":"2026-07-07T13:21:00.233Z","eventType":"ScenarioEnded","details":{"scenarioId":"SCN-BILLING-ISOLATION-001","result":"Failed","failedLayer":"MockBillingKernel","timestamp":"2026-07-07T13:21:00.233Z"}}
{"auditLogId":"SIM-AUD-1783430460233-84","simulationId":"TST-RUN-INIT-HK-1783430460228","timestamp":"2026-07-07T13:21:00.233Z","eventType":"RegressionValidated","details":{"testCaseName":"Boundary Isolation Test","status":"FAIL","failedLayer":"BoundaryTest","errorMessage":"隔離違反検知: シミュレーションコード内に本番依存キーワードが検出されました。違反箇所: [{\"file\":\"SimulationRuntime.js\",\"detectedKeyword\":\"SpreadsheetApp\"}]"}}
{"auditLogId":"SIM-AUD-1783430460233-285","simulationId":"TST-RUN-INIT-HK-1783430460228","timestamp":"2026-07-07T13:21:00.233Z","eventType":"RegressionValidated","details":{"testCaseName":"Contract Regression Test","status":"PASS","failedLayer":"","errorMessage":""}}
{"auditLogId":"SIM-AUD-1783430460233-830","simulationId":"TST-RUN-INIT-HK-1783430460228","timestamp":"2026-07-07T13:21:00.233Z","eventType":"RegressionValidated","details":{"testCaseName":"Normal Flow Regression","status":"PASS","failedLayer":"","errorMessage":""}}
{"auditLogId":"SIM-AUD-1783430460234-245","simulationId":"TST-RUN-INIT-HK-1783430460228","timestamp":"2026-07-07T13:21:00.234Z","eventType":"RegressionValidated","details":{"testCaseName":"Error Flow Regression","status":"PASS","failedLayer":"","errorMessage":""}}
{"auditLogId":"SIM-AUD-1783430460234-580","simulationId":"TST-RUN-INIT-HK-1783430460228","timestamp":"2026-07-07T13:21:00.234Z","eventType":"RegressionValidated","details":{"testCaseName":"Approval Boundary Flow Regression","status":"PASS","failedLayer":"","errorMessage":""}}
{"auditLogId":"SIM-AUD-1783430460234-236","simulationId":"TST-RUN-INIT-HK-1783430460228","timestamp":"2026-07-07T13:21:00.234Z","eventType":"RegressionValidated","details":{"testCaseName":"Billing Isolation Flow Regression","status":"PASS","failedLayer":"","errorMessage":""}}
{"auditLogId":"SIM-AUD-1783430460234-537","simulationId":"TST-RUN-INIT-HK-1783430460228","timestamp":"2026-07-07T13:21:00.234Z","eventType":"TestEnded","details":{"result":"FAIL","failureCount":1,"timestamp":"2026-07-07T13:21:00.234Z"}}
{"auditLogId":"SIM-AUD-1783430460234-527","simulationId":"TST-RUN-INIT-HK-1783430460228","timestamp":"2026-07-07T13:21:00.234Z","eventType":"HookCompleted","details":{"hookId":"HK-1783430460228","eventSource":"git-pre-commit","commandName":"test-kernel-simulation","gateResult":"Blocked","exitCode":1,"timestamp":"2026-07-07T13:21:00.234Z"}}
{"auditLogId":"SIM-AUD-1783430468778-140","simulationId":"TST-RUN-INIT-HK-1783430468777","timestamp":"2026-07-07T13:21:08.778Z","eventType":"HookTriggered","details":{"hookId":"HK-1783430468777","eventSource":"clasp-pre-deploy","commandName":"run-pre-deploy-check","timestamp":"2026-07-07T13:21:08.777Z"}}
{"auditLogId":"SIM-AUD-1783430468780-123","simulationId":"TST-RUN-INIT-HK-1783430468777","timestamp":"2026-07-07T13:21:08.780Z","eventType":"TestStarted","details":{"timestamp":"2026-07-07T13:21:08.780Z"}}
{"auditLogId":"SIM-AUD-1783430468780-506","simulationId":"TST-RUN-INIT-HK-1783430468777","timestamp":"2026-07-07T13:21:08.780Z","eventType":"ScenarioStarted","details":{"scenarioId":"SCN-CONTRACT-FAIL-001","timestamp":"2026-07-07T13:21:08.780Z"}}
{"auditLogId":"SIM-AUD-1783430468781-654","simulationId":"TST-RUN-INIT-HK-1783430468777","timestamp":"2026-07-07T13:21:08.781Z","eventType":"ScenarioEnded","details":{"scenarioId":"SCN-CONTRACT-FAIL-001","result":"Failed","failedLayer":"MockReviewKernel","timestamp":"2026-07-07T13:21:08.781Z"}}
{"auditLogId":"SIM-AUD-1783430468781-16","simulationId":"TST-RUN-INIT-HK-1783430468777","timestamp":"2026-07-07T13:21:08.781Z","eventType":"ScenarioStarted","details":{"scenarioId":"SCN-NORMAL-001","timestamp":"2026-07-07T13:21:08.781Z"}}
{"auditLogId":"SIM-AUD-1783430468781-441","simulationId":"TST-RUN-INIT-HK-1783430468777","timestamp":"2026-07-07T13:21:08.781Z","eventType":"ContractValidated","details":{"scenarioId":"SCN-NORMAL-001","validationStatus":"Passed"}}
{"auditLogId":"SIM-AUD-1783430468781-164","simulationId":"TST-RUN-INIT-HK-1783430468777","timestamp":"2026-07-07T13:21:08.781Z","eventType":"ScenarioEnded","details":{"scenarioId":"SCN-NORMAL-001","result":"Passed","failedLayer":"","timestamp":"2026-07-07T13:21:08.781Z"}}
{"auditLogId":"SIM-AUD-1783430468781-771","simulationId":"TST-RUN-INIT-HK-1783430468777","timestamp":"2026-07-07T13:21:08.781Z","eventType":"ScenarioStarted","details":{"scenarioId":"SCN-ERROR-001","timestamp":"2026-07-07T13:21:08.781Z"}}
{"auditLogId":"SIM-AUD-1783430468781-704","simulationId":"TST-RUN-INIT-HK-1783430468777","timestamp":"2026-07-07T13:21:08.781Z","eventType":"ExecutionFailed","details":{"scenarioId":"SCN-ERROR-001","layerName":"MockQualityKernel","errorMessage":"品質スコア不十分（FAIL）を模した早期終了改善ルート検証"}}
{"auditLogId":"SIM-AUD-1783430468781-842","simulationId":"TST-RUN-INIT-HK-1783430468777","timestamp":"2026-07-07T13:21:08.781Z","eventType":"ScenarioEnded","details":{"scenarioId":"SCN-ERROR-001","result":"Failed","failedLayer":"MockQualityKernel","timestamp":"2026-07-07T13:21:08.781Z"}}
{"auditLogId":"SIM-AUD-1783430468781-327","simulationId":"TST-RUN-INIT-HK-1783430468777","timestamp":"2026-07-07T13:21:08.781Z","eventType":"ScenarioStarted","details":{"scenarioId":"SCN-APPROVAL-001","timestamp":"2026-07-07T13:21:08.781Z"}}
{"auditLogId":"SIM-AUD-1783430468781-400","simulationId":"TST-RUN-INIT-HK-1783430468777","timestamp":"2026-07-07T13:21:08.781Z","eventType":"ContractValidated","details":{"scenarioId":"SCN-APPROVAL-001","validationStatus":"Pending","layerName":"MockGovernanceKernel"}}
{"auditLogId":"SIM-AUD-1783430468781-540","simulationId":"TST-RUN-INIT-HK-1783430468777","timestamp":"2026-07-07T13:21:08.781Z","eventType":"ScenarioEnded","details":{"scenarioId":"SCN-APPROVAL-001","result":"Passed","failedLayer":"","timestamp":"2026-07-07T13:21:08.781Z"}}
{"auditLogId":"SIM-AUD-1783430468781-533","simulationId":"TST-RUN-INIT-HK-1783430468777","timestamp":"2026-07-07T13:21:08.781Z","eventType":"ScenarioStarted","details":{"scenarioId":"SCN-BILLING-ISOLATION-001","timestamp":"2026-07-07T13:21:08.781Z"}}
{"auditLogId":"SIM-AUD-1783430468782-409","simulationId":"TST-RUN-INIT-HK-1783430468777","timestamp":"2026-07-07T13:21:08.782Z","eventType":"ContractValidated","details":{"scenarioId":"SCN-BILLING-ISOLATION-001","layerName":"MockBillingKernel","errorMessage":"課金モック決済失敗ルートの隔離稼働検証"}}
{"auditLogId":"SIM-AUD-1783430468782-666","simulationId":"TST-RUN-INIT-HK-1783430468777","timestamp":"2026-07-07T13:21:08.782Z","eventType":"ScenarioEnded","details":{"scenarioId":"SCN-BILLING-ISOLATION-001","result":"Failed","failedLayer":"MockBillingKernel","timestamp":"2026-07-07T13:21:08.782Z"}}
{"auditLogId":"SIM-AUD-1783430468782-959","simulationId":"TST-RUN-INIT-HK-1783430468777","timestamp":"2026-07-07T13:21:08.782Z","eventType":"RegressionValidated","details":{"testCaseName":"Boundary Isolation Test","status":"PASS","failedLayer":"","errorMessage":""}}
{"auditLogId":"SIM-AUD-1783430468782-861","simulationId":"TST-RUN-INIT-HK-1783430468777","timestamp":"2026-07-07T13:21:08.782Z","eventType":"RegressionValidated","details":{"testCaseName":"Contract Regression Test","status":"PASS","failedLayer":"","errorMessage":""}}
{"auditLogId":"SIM-AUD-1783430468782-838","simulationId":"TST-RUN-INIT-HK-1783430468777","timestamp":"2026-07-07T13:21:08.782Z","eventType":"RegressionValidated","details":{"testCaseName":"Normal Flow Regression","status":"PASS","failedLayer":"","errorMessage":""}}
{"auditLogId":"SIM-AUD-1783430468782-831","simulationId":"TST-RUN-INIT-HK-1783430468777","timestamp":"2026-07-07T13:21:08.782Z","eventType":"RegressionValidated","details":{"testCaseName":"Error Flow Regression","status":"PASS","failedLayer":"","errorMessage":""}}
{"auditLogId":"SIM-AUD-1783430468782-131","simulationId":"TST-RUN-INIT-HK-1783430468777","timestamp":"2026-07-07T13:21:08.782Z","eventType":"RegressionValidated","details":{"testCaseName":"Approval Boundary Flow Regression","status":"PASS","failedLayer":"","errorMessage":""}}
{"auditLogId":"SIM-AUD-1783430468782-136","simulationId":"TST-RUN-INIT-HK-1783430468777","timestamp":"2026-07-07T13:21:08.782Z","eventType":"RegressionValidated","details":{"testCaseName":"Billing Isolation Flow Regression","status":"PASS","failedLayer":"","errorMessage":""}}
{"auditLogId":"SIM-AUD-1783430468782-116","simulationId":"TST-RUN-INIT-HK-1783430468777","timestamp":"2026-07-07T13:21:08.782Z","eventType":"TestEnded","details":{"result":"PASS","failureCount":0,"timestamp":"2026-07-07T13:21:08.782Z"}}
{"auditLogId":"SIM-AUD-1783430468783-552","simulationId":"TST-RUN-INIT-HK-1783430468777","timestamp":"2026-07-07T13:21:08.783Z","eventType":"HookCompleted","details":{"hookId":"HK-1783430468777","eventSource":"clasp-pre-deploy","commandName":"run-pre-deploy-check","gateResult":"Passed","exitCode":0,"timestamp":"2026-07-07T13:21:08.783Z"}}
